// Jest Snapshot v1, https://goo.gl/fbAQLP

exports[`FourOhFour renders correctly 1`] = `
ShallowWrapper {
  "complexSelector": ComplexSelector {
    "buildPredicate": [Function],
    "childrenOfNode": [Function],
    "findWhereUnwrapped": [Function],
  },
  "length": 1,
  "node": <div
    className="modal is-active"
  >
    <div
      className="modal-background"
    />
    <div
      className="modal-content"
    >
      <section
        className="box"
      >
        <div
          className="column is-12"
        >
          <h1
            className="title"
          >
            <b>
              Oh No 404!
            </b>
          </h1>
          <h2>
            Unfortunately the page that you requested cannot be found
          </h2>
        </div>
      </section>
    </div>
  </div>,
  "nodes": Array [
    <div
      className="modal is-active"
    >
      <div
        className="modal-background"
      />
      <div
        className="modal-content"
      >
        <section
          className="box"
        >
          <div
            className="column is-12"
          >
            <h1
              className="title"
            >
              <b>
                Oh No 404!
              </b>
            </h1>
            <h2>
              Unfortunately the page that you requested cannot be found
            </h2>
          </div>
        </section>
      </div>
    </div>,
  ],
  "options": Object {},
  "renderer": ReactShallowRenderer {
    "_instance": ShallowComponentWrapper {
      "_calledComponentWillUnmount": false,
      "_compositeType": 2,
      "_context": Object {},
      "_currentElement": <FourOhFour />,
      "_debugID": 1,
      "_hostContainerInfo": null,
      "_hostParent": null,
      "_instance": StatelessComponent {
        "_reactInternalInstance": [Circular],
        "context": Object {},
        "props": Object {},
        "refs": Object {},
        "state": null,
        "updater": Object {
          "enqueueCallback": [Function],
          "enqueueCallbackInternal": [Function],
          "enqueueElementInternal": [Function],
          "enqueueForceUpdate": [Function],
          "enqueueReplaceState": [Function],
          "enqueueSetState": [Function],
          "isMounted": [Function],
          "validateCallback": [Function],
        },
      },
      "_mountOrder": 1,
      "_pendingCallbacks": null,
      "_pendingElement": null,
      "_pendingForceUpdate": false,
      "_pendingReplaceState": false,
      "_pendingStateQueue": null,
      "_renderedComponent": NoopInternalComponent {
        "_currentElement": <div
          className="modal is-active"
        >
          <div
            className="modal-background"
          />
          <div
            className="modal-content"
          >
            <section
              className="box"
            >
              <div
                className="column is-12"
              >
                <h1
                  className="title"
                >
                  <b>
                    Oh No 404!
                  </b>
                </h1>
                <h2>
                  Unfortunately the page that you requested cannot be found
                </h2>
              </div>
            </section>
          </div>
        </div>,
        "_debugID": 2,
        "_renderedOutput": <div
          className="modal is-active"
        >
          <div
            className="modal-background"
          />
          <div
            className="modal-content"
          >
            <section
              className="box"
            >
              <div
                className="column is-12"
              >
                <h1
                  className="title"
                >
                  <b>
                    Oh No 404!
                  </b>
                </h1>
                <h2>
                  Unfortunately the page that you requested cannot be found
                </h2>
              </div>
            </section>
          </div>
        </div>,
      },
      "_renderedNodeType": 0,
      "_rootNodeID": 0,
      "_topLevelWrapper": null,
      "_updateBatchNumber": null,
      "_warnedAboutRefsInRender": false,
    },
    "getRenderOutput": [Function],
    "render": [Function],
  },
  "root": [Circular],
  "unrendered": <FourOhFour />,
}
`;
